<html>
<body>
<pre>
<h1>µVision Build Log</h1>
<h2>Tool Versions:</h2>
IDE-Version: ¦ÌVision V5.14.0.0
Copyright (C) 2015 ARM Ltd and ARM Germany GmbH. All rights reserved.
License Information: sdfa gdasd, wera, LIC=V8512-9UY63-WI95K-ZW24L-5RI79-YJXG9
 
Tool Versions:
Toolchain:       *** Unknown Product ***  Version: 5.14.0.0
Toolchain Path:  D:\Keil_v5\ARM\ARMCC\Bin
C Compiler:      Armcc.exe V5.05 update 1 (build 106)
Assembler:       Armasm.exe V5.05 update 1 (build 106)
Linker/Locator:  ArmLink.exe V5.05 update 1 (build 106)
Library Manager: ArmAr.exe V5.05 update 1 (build 106)
Hex Converter:   FromElf.exe V5.05 update 1 (build 106)
CPU DLL:         SARMCM3.DLL V5.14.0.0
Dialog DLL:      DCM.DLL V1.13.1.0
Target DLL:      Segger\JL2CM3.dll V2.99.13.0
Dialog DLL:      TCM.DLL V1.14.4.0
 
<h2>Project:</h2>
D:\hhhhhhhh\project\car_a\USER\CAR_A.uvprojx
Project File Date:  07/04/2016

<h2>Output:</h2>
Build target 'car_a'
compiling main.c...
usart.h(15): warning:  #1-D: last line of file ends without a newline
  void uprintf(USART_TypeDef* USARTx, char *fmt, ...);
main.c(20): warning:  #111-D: statement is unreachable
        return 0;
main.c: 2 warnings, 0 errors
linking...
Program Size: Code=14000 RO-data=976 RW-data=40 ZI-data=1632  
FromELF: creating hex file...
"..\OBJ\car_a.axf" - 0 Error(s), 2 Warning(s).

<h2>Collection of Component include folders:</h2>
  D:\hhhhhhhh\project\car_a\USER\RTE
  D:\Keil_v5\ARM\PACK\Keil\STM32F4xx_DFP\1.0.8\Device\Include

<h2>Collection of Component Files used:</h2>
</pre>
</body>
</html>
